[2026-08-30T06:37:17.554Z][INFO] Command-line: /Applications/Unity/Hub/Editor/6000.5.5f1/Unity.app/Contents/Helpers/PackageManager/Server/UnityPackageManager server -s 44305 --ipc-path /tmp/Unity-Upm-44305.sock -l 2 --log-file /Users/clemensjacob/Desktop/Haku-VR-Museum/Logs/upm.log
[2026-08-30T06:37:17.573Z][INFO] IPC server started (IPC path=/tmp/Unity-Upm-44305.sock).
[2026-08-30T06:37:17.573Z][INFO] Hint: To connect to this UPM instance, launch Unity with the command-line parameter -upmIpcPath Upm-44305.
[2026-08-30T06:37:23.409Z][INFO] project:list-packages <-- Request received
params: {}
[2026-08-30T06:37:23.411Z][INFO] project:list-packages --> 404 (2 ms)
[2026-08-30T06:37:23.497Z][INFO] config:project:get-registries <-- Request received
params: {}
[2026-08-30T06:37:23.498Z][INFO] config:project:get-registries --> 404 (1 ms)
[2026-08-30T06:37:23.508Z][INFO] project:list-packages <-- Request received
params: {}
[2026-08-30T06:37:23.509Z][INFO] project:list-packages --> 404 (1 ms)
[2026-08-30T06:37:23.542Z][INFO] project:update-dependencies <-- Request received
params: {}
[2026-08-30T06:37:23.566Z][INFO] project:update-dependencies --> 200 (24 ms)
[2026-08-30T06:37:23.597Z][INFO] project:resolve-packages <-- Request received
params: {}
[2026-08-30T06:37:24.170Z][INFO] project:resolve-packages --> 200 (573 ms)
[2026-08-30T06:37:28.993Z][INFO] project:list-packages <-- Request received
params: {}
[2026-08-30T06:37:29.003Z][INFO] project:list-packages <-- Request received
params: {}
[2026-08-30T06:37:29.025Z][INFO] project:list-packages --> 200 (33 ms)
[2026-08-30T06:37:29.037Z][INFO] config:project:get-registries <-- Request received
params: {}
[2026-08-30T06:37:29.039Z][INFO] config:project:get-registries --> 200 (1 ms)
[2026-08-30T06:37:29.039Z][INFO] project:list-packages --> 200 (36 ms)
[2026-08-30T06:37:30.564Z][INFO] project:list-packages <-- Request received
params: {}
[2026-08-30T06:37:30.585Z][INFO] project:list-packages --> 200 (21 ms)
[2026-08-30T06:37:30.608Z][INFO] project:list-packages <-- Request received
params: {}
[2026-08-30T06:37:30.628Z][INFO] project:list-packages --> 200 (20 ms)
[2026-08-30T06:37:30.642Z][INFO] packages:get-all-packageinfo <-- Request received
params: {}
[2026-08-30T06:37:30.653Z][INFO] packages:get-all-packageinfo <-- Request received
params: {}
[2026-08-30T06:37:30.928Z][INFO] packages:get-all-packageinfo --> 200 (275 ms)
[2026-08-30T06:37:32.371Z][INFO] packages:get-packageinfo <-- Request received
params: {
  "packageId": "com.unity.addressables@2.9.1"
}
[2026-08-30T06:37:32.413Z][INFO] packages:get-packageinfo <-- Request received
params: {
  "packageId": "com.unity.ads.ios-support@1.0.1"
}
[2026-08-30T06:37:32.413Z][INFO] packages:get-packageinfo <-- Request received
params: {
  "packageId": "com.unity.inputsystem@1.19.0"
}
[2026-08-30T06:37:32.413Z][INFO] packages:get-packageinfo <-- Request received
params: {
  "packageId": "com.unity.learn.iet-framework@5.0.4"
}
[2026-08-30T06:37:32.422Z][INFO] packages:get-packageinfo <-- Request received
params: {
  "packageId": "com.unity.learn.iet-framework.authoring@1.5.4"
}
[2026-08-30T06:37:32.436Z][INFO] packages:get-packageinfo <-- Request received
params: {
  "packageId": "com.unity.microsoft.gdk@1.6.0"
}
[2026-08-30T06:37:32.448Z][INFO] packages:get-packageinfo <-- Request received
params: {
  "packageId": "com.unity.microsoft.gdk.tools@1.6.0"
}
[2026-08-30T06:37:32.549Z][INFO] packages:get-packageinfo <-- Request received
params: {
  "packageId": "com.unity.polyspatial.extensions@3.1.5"
}
[2026-08-30T06:37:32.549Z][INFO] packages:get-packageinfo <-- Request received
params: {
  "packageId": "com.unity.polyspatial.visionos@3.1.5"
}
[2026-08-30T06:37:32.550Z][INFO] packages:get-packageinfo <-- Request received
params: {
  "packageId": "com.unity.project-auditor-rules@1.0.3"
}
[2026-08-30T06:37:32.551Z][INFO] packages:get-packageinfo <-- Request received
params: {
  "packageId": "com.unity.scriptablebuildpipeline@2.6.2"
}
[2026-08-30T06:37:32.551Z][INFO] packages:get-packageinfo <-- Request received
params: {
  "packageId": "com.unity.services.friends@1.1.1"
}
[2026-08-30T06:37:32.552Z][INFO] packages:get-packageinfo <-- Request received
params: {
  "packageId": "com.unity.services.moderation@1.0.2"
}
[2026-08-30T06:37:32.553Z][INFO] packages:get-packageinfo <-- Request received
params: {
  "packageId": "com.unity.services.multiplayer@2.2.4"
}
[2026-08-30T06:37:32.553Z][INFO] packages:get-packageinfo <-- Request received
params: {
  "packageId": "com.unity.xr.androidxr-openxr@1.3.2"
}
[2026-08-30T06:37:32.554Z][INFO] packages:get-packageinfo <-- Request received
params: {
  "packageId": "com.unity.xr.arcore@6.5.0"
}
[2026-08-30T06:37:32.554Z][INFO] packages:get-packageinfo <-- Request received
params: {
  "packageId": "com.unity.xr.arfoundation@6.5.0"
}
[2026-08-30T06:37:32.608Z][INFO] packages:get-packageinfo <-- Request received
params: {
  "packageId": "com.unity.xr.arkit@6.5.0"
}
[2026-08-30T06:37:32.608Z][INFO] packages:get-packageinfo <-- Request received
params: {
  "packageId": "com.unity.xr.hands@1.8.1"
}
[2026-08-30T06:37:32.610Z][INFO] packages:get-packageinfo <-- Request received
params: {
  "packageId": "com.unity.xr.interaction.toolkit@3.5.1"
}
[2026-08-30T06:37:32.739Z][INFO] project:list-packages <-- Request received
params: {}
[2026-08-30T06:37:32.814Z][INFO] project:list-packages --> 200 (75 ms)
[2026-08-30T06:37:33.297Z][INFO] packages:get-packageinfo --> 200 (746 ms)
[2026-08-30T06:37:33.297Z][INFO] packages:get-packageinfo --> 200 (745 ms)
[2026-08-30T06:37:33.308Z][INFO] packages:get-packageinfo <-- Request received
params: {
  "packageId": "com.unity.xr.management@4.5.4"
}
[2026-08-30T06:37:33.318Z][INFO] packages:get-packageinfo <-- Request received
params: {
  "packageId": "com.unity.xr.meta-openxr@2.5.1"
}
[2026-08-30T06:37:33.420Z][INFO] packages:get-packageinfo --> 200 (867 ms)
[2026-08-30T06:37:33.437Z][INFO] packages:get-packageinfo <-- Request received
params: {
  "packageId": "com.unity.xr.openxr@1.17.1"
}
[2026-08-30T06:37:33.873Z][INFO] packages:get-packageinfo --> 200 (1460 ms)
[2026-08-30T06:37:33.890Z][INFO] packages:get-packageinfo <-- Request received
params: {
  "packageId": "com.unity.xr.visionos@3.1.5"
}
[2026-08-30T06:37:33.913Z][INFO] packages:get-packageinfo --> 200 (1542 ms)
[2026-08-30T06:37:34.329Z][INFO] packages:get-packageinfo --> 200 (1907 ms)
[2026-08-30T06:37:34.365Z][INFO] packages:get-packageinfo --> 200 (1930 ms)
[2026-08-30T06:37:34.409Z][INFO] packages:get-packageinfo --> 200 (1860 ms)
[2026-08-30T06:37:34.518Z][INFO] packages:get-packageinfo --> 200 (2071 ms)
[2026-08-30T06:37:34.767Z][INFO] packages:get-packageinfo --> 200 (2217 ms)
[2026-08-30T06:37:34.770Z][INFO] packages:get-packageinfo --> 200 (2357 ms)
[2026-08-30T06:37:34.866Z][INFO] packages:get-packageinfo --> 200 (2453 ms)
[2026-08-30T06:37:34.949Z][INFO] packages:get-packageinfo --> 200 (2398 ms)
[2026-08-30T06:37:34.979Z][INFO] packages:get-packageinfo --> 200 (2426 ms)
[2026-08-30T06:37:35.184Z][INFO] packages:get-packageinfo --> 200 (2576 ms)
[2026-08-30T06:37:35.192Z][INFO] packages:get-packageinfo --> 200 (2638 ms)
[2026-08-30T06:37:35.198Z][INFO] packages:get-packageinfo --> 200 (1880 ms)
[2026-08-30T06:37:35.200Z][INFO] packages:get-packageinfo --> 200 (2646 ms)
[2026-08-30T06:37:35.205Z][INFO] packages:get-packageinfo --> 200 (1316 ms)
[2026-08-30T06:37:35.387Z][INFO] packages:get-packageinfo --> 200 (2779 ms)
[2026-08-30T06:37:35.394Z][INFO] packages:get-packageinfo --> 200 (1957 ms)
[2026-08-30T06:37:35.395Z][INFO] packages:get-packageinfo --> 200 (2087 ms)
[2026-08-30T06:37:35.397Z][INFO] packages:get-packageinfo --> 200 (2848 ms)
[2026-08-30T06:37:35.403Z][INFO] packages:get-packageinfo --> 200 (2793 ms)
[2026-08-30T06:37:35.424Z][INFO] packages:get-all-packageinfo --> 200 (4782 ms)
